[TieredMemory] Hot=off Warm=on(RAM-fallback) Cool=on Cold=/tmp/cerberus_cold
[PROPUP] propup_tiered_memory passed in 0.843994 ms
[TieredMemory] Hot=off Warm=on(RAM-fallback) Cool=on Cold=/tmp/cerberus_cold
[PROPUP] propup_coordinator_memory_loop passed in 0.0913086 ms
[TieredMemory] Hot=off Warm=on(RAM-fallback) Cool=on Cold=/tmp/cerberus_cold
[PROPUP] propup_coordinator_tier_decisions passed in 0.0371094 ms
[PROPUP] propup_compile_graph_analysis passed in 0.00146484 ms
[PROPUP] propup_kernel_matmul passed in 0.00170898 ms
[PROPUP] propup_kernel_elementwise passed in 0.00170898 ms
[PROPUP] propup_kernel_fma passed in 0.00170898 ms
[PROPUP] propup_kernel_matmul_blocked passed in 0.00244141 ms
[PROPUP] propup_performance_matmul_vs_naive naive=9.3526 ms blocked=2.4417 ms speedup=3.83036
[PROPUP] propup_performance_matmul_vs_naive passed in 12.1707 ms
[PROPUP] propup_kernel_matmul_avx2 avx2=0.2278 ms max_err=1.90735e-06
[PROPUP] propup_kernel_avx512_detect avx2=yes avx512f=no
[TieredMemory] Hot=off Warm=on(RAM-fallback) Cool=on Cold=/tmp/cerberus_cold
[PROPUP] propup_end_to_end_native passed in 0.161621 ms
[TieredMemory] Hot=off Warm=on(RAM-fallback) Cool=on Cold=/tmp/cerberus_cold
[PROPUP] propup_decision_engine_fusion passed in 0.0700684 ms
[PROPUP-VERBOSE] graph nodes=2 tensors=5 live_bytes=80
[PROPUP] propup_graph_engine_verbose passed in 0.00952148 ms
[TieredMemory] Hot=off Warm=on(RAM-fallback) Cool=on Cold=/tmp/cerberus_cold
[PROPUP] propup_tier_pressure_demotion passed in 0.0251465 ms
[PROPUP] propup_kernel_quantized_matmul passed in 0.00292969 ms
[PROPUP] propup_kernel_dynamic_quant_accuracy max_rel_err=1.17646%
[PROPUP] propup_kernel_dynamic_quant_accuracy passed in 0.00708008 ms
[PROPUP] propup_performance_int8_vs_float float=0.6622 ms quant=0.9613 ms speedup=0.688859
[PROPUP] propup_performance_int8_vs_float passed in 1.74268 ms
[TieredMemory] Hot=off Warm=on(RAM-fallback) Cool=on Cold=/tmp/cerberus_cold
[TieredMemory] Hot=off Warm=on(RAM-fallback) Cool=on Cold=/tmp/cerberus_cold
[TieredMemory] Hot=off Warm=on(RAM-fallback) Cool=on Cold=/tmp/cerberus_cold
[TieredMemory] Hot=off Warm=on(RAM-fallback) Cool=on Cold=/tmp/cerberus_cold
[TieredMemory] Hot=off Warm=on(RAM-fallback) Cool=on Cold=/tmp/cerberus_cold
[TieredMemory] Hot=off Warm=on(RAM-fallback) Cool=on Cold=/tmp/cerberus_cold
[TieredMemory] Hot=off Warm=on(RAM-fallback) Cool=on Cold=/tmp/cerberus_cold
[TieredMemory] Hot=off Warm=on(RAM-fallback) Cool=on Cold=/tmp/cerberus_cold
[TieredMemory] Hot=off Warm=on(RAM-fallback) Cool=on Cold=/tmp/cerberus_cold
[PROPUP] propup_shadow_rollback passed in 0.000732422 ms
[TieredMemory] Hot=off Warm=on(RAM-fallback) Cool=on Cold=/tmp/cerberus_cold
[TieredMemory] Hot=off Warm=on(RAM-fallback) Cool=on Cold=/tmp/cerberus_cold
[TieredMemory] Hot=off Warm=on(RAM-fallback) Cool=on Cold=/tmp/cerberus_cold
[TieredMemory] Hot=off Warm=on(RAM-fallback) Cool=on Cold=/tmp/cerberus_cold
[TieredMemory] Hot=off Warm=on(RAM-fallback) Cool=on Cold=/tmp/cerberus_cold
[TieredMemory] Hot=off Warm=on(RAM-fallback) Cool=on Cold=/tmp/cerberus_cold
[TieredMemory] Hot=off Warm=on(RAM-fallback) Cool=on Cold=/tmp/cerberus_cold
[TieredMemory] Hot=off Warm=on(RAM-fallback) Cool=on Cold=/tmp/cerberus_cold
[TieredMemory] Hot=off Warm=on(RAM-fallback) Cool=on Cold=/tmp/cerberus_cold
[TieredMemory] Hot=off Warm=on(RAM-fallback) Cool=on Cold=/tmp/cerberus_cold
[TieredMemory] Hot=off Warm=on(RAM-fallback) Cool=on Cold=/tmp/cerberus_cold
[TieredMemory] Hot=off Warm=on(RAM-fallback) Cool=on Cold=/tmp/cerberus_cold
[TieredMemory] Hot=off Warm=on(RAM-fallback) Cool=on Cold=/tmp/cerberus_cold
[TieredMemory] Hot=off Warm=on(RAM-fallback) Cool=on Cold=/tmp/cerberus_cold
[TieredMemory] Hot=off Warm=on(RAM-fallback) Cool=on Cold=/tmp/cerberus_cold
[TieredMemory] Hot=off Warm=on(RAM-fallback) Cool=on Cold=/tmp/cerberus_cold
[TieredMemory] Hot=off Warm=on(RAM-fallback) Cool=on Cold=/tmp/cerberus_cold
[TieredMemory] Hot=off Warm=on(RAM-fallback) Cool=on Cold=/tmp/cerberus_cold
[TieredMemory] Hot=off Warm=on(RAM-fallback) Cool=on Cold=/tmp/cerberus_cold
[TieredMemory] Hot=off Warm=on(RAM-fallback) Cool=on Cold=/tmp/cerberus_cold
[TieredMemory] Hot=off Warm=on(RAM-fallback) Cool=on Cold=/tmp/cerberus_cold
[TieredMemory] Hot=off Warm=on(RAM-fallback) Cool=on Cold=/tmp/cerberus_cold
[TieredMemory] Hot=off Warm=on(RAM-fallback) Cool=on Cold=/tmp/cerberus_cold
[TieredMemory] Hot=off Warm=on(RAM-fallback) Cool=on Cold=/tmp/cerberus_cold
[TieredMemory] Hot=off Warm=on(RAM-fallback) Cool=on Cold=/tmp/cerberus_cold
[TieredMemory] Hot=off Warm=on(RAM-fallback) Cool=on Cold=/tmp/cerberus_cold
[TieredMemory] Hot=off Warm=on(RAM-fallback) Cool=on Cold=/tmp/cerberus_cold
[TieredMemory] Hot=off Warm=on(RAM-fallback) Cool=on Cold=/tmp/cerberus_cold
[TieredMemory] Hot=off Warm=on(RAM-fallback) Cool=on Cold=/tmp/cerberus_cold
[TieredMemory] Hot=off Warm=on(RAM-fallback) Cool=on Cold=/tmp/cerberus_cold
[TieredMemory] Hot=off Warm=on(RAM-fallback) Cool=on Cold=/tmp/cerberus_cold
[propup_glow_empty_graph passed in 0.0012207 ms]
[propup_glow_single_node_path passed in 0.000732422 ms]
[propup_glow_empty_catchphrase passed in 0.000244141 ms]
[propup_glow_bond_double_reinforcement passed in 0.00415039 ms]
[propup_kernel_softmax_stability passed]
[propup_kernel_layernorm_zeros passed]
[propup_kernel_gelu_negative passed]
[propup_kernel_elementwise_shape_mismatch passed]
[propup_kernel_conv2d_1x1_identity passed]
[TieredMemory] Hot=off Warm=on(RAM-fallback) Cool=on Cold=/tmp/cerberus_cold
[TieredMemory] Hot=off Warm=on(RAM-fallback) Cool=on Cold=/tmp/cerberus_cold
[TieredMemory] Hot=off Warm=on(RAM-fallback) Cool=on Cold=/tmp/cerberus_cold
[TieredMemory] Hot=off Warm=on(RAM-fallback) Cool=on Cold=/tmp/cerberus_cold
[TieredMemory] Hot=off Warm=on(RAM-fallback) Cool=on Cold=/tmp/cerberus_cold
[TieredMemory] Hot=off Warm=on(RAM-fallback) Cool=on Cold=/tmp/cerberus_cold
[TieredMemory] Hot=off Warm=on(RAM-fallback) Cool=on Cold=/tmp/cerberus_cold
[TieredMemory] Hot=off Warm=on(RAM-fallback) Cool=on Cold=/tmp/cerberus_cold
[TieredMemory] Hot=off Warm=on(RAM-fallback) Cool=on Cold=/tmp/cerberus_cold
[TieredMemory] Hot=off Warm=on(RAM-fallback) Cool=on Cold=/tmp/cerberus_cold
[TieredMemory] Hot=off Warm=on(RAM-fallback) Cool=on Cold=/tmp/cerberus_cold
[TieredMemory] Hot=off Warm=on(RAM-fallback) Cool=on Cold=/tmp/cerberus_cold
[TieredMemory] Hot=off Warm=on(RAM-fallback) Cool=on Cold=/tmp/cerberus_cold
[TieredMemory] Hot=off Warm=on(RAM-fallback) Cool=on Cold=/tmp/cerberus_cold
[TieredMemory] Hot=off Warm=on(RAM-fallback) Cool=on Cold=/tmp/cerberus_cold
[TieredMemory] Hot=off Warm=on(RAM-fallback) Cool=on Cold=/tmp/cerberus_cold
